HI-TECH Software C Compiler 

Linker command line:

--edf=C:\Program Files (x86)\HI-TECH Software\PICC\9.83\dat\en_msgs.txt -cs \
  -h+RTC.sym -z -Q16F877 -ol.obj -MRTC.map -E1 -ACONST=00h-0FFhx32 \
  -ACODE=00h-07FFhx4 -ASTRCODE=00h-01FFFh -AENTRY=00h-0FFhx32 \
  -ASTRING=00h-0FFhx32 -ABANK0=020h-06Fh -ABANK1=0A0h-0EFh \
  -ABANK2=0110h-016Fh -ABANK3=0190h-01EFh \
  -ARAM=020h-06Fh,0A0h-0EFh,0110h-016Fh,0190h-01EFh \
  -AABS1=020h-07Fh,0A0h-0EFh,0110h-016Fh,0190h-01EFh -ACOMMON=070h-07Fh \
  -ASFR0=00h-01Fh -ASFR1=080h-09Fh -ASFR2=0100h-010Fh -ASFR3=0180h-018Fh \
  -preset_vec=00h,intentry,init,end_init -ppowerup=CODE -pfunctab=CODE \
  -ACONFIG=02007h-02007h -pconfig=CONFIG -DCONFIG=2 -AIDLOC=02000h-02003h \
  -pidloc=IDLOC -DIDLOC=2 -AEEDATA=00h-0FFh/02100h -peeprom_data=EEDATA \
  -DEEDATA=2 -DCODE=2 -DSTRCODE=2 -DSTRING=2 -DCONST=2 -DENTRY=2 -k \
  startup.obj RTC.obj 

Object code version is 3.10

Machine type is 16F877



                Name                               Link     Load   Length Selector   Space Scale
startup.obj     end_init                              0        0        3        0       0
RTC.obj         config                             2007     2007        1     400E       0
                text599                             E23      E23        B     1C46       0
                text598                             E79      E79       17     1CF2       0
                text597                             E2E      E2E        B     1C5C       0
                text596                             E39      E39        B     1C72       0
                text595                             E5C      E5C        D     1CB8       0
                text594                             E44      E44        C     1C88       0
                text593                             E50      E50        C     1CA0       0
                text592                               5        5        D        A       0
                text591                             E90      E90       18     1D20       0
                text590                             133      133       74      266       0
                text589                             F9A      F9A       66     1F34       0
                text588                              12       12       48       24       0
                text587                              5A       5A       69       B4       0
                text586                             EA8      EA8       19     1D50       0
                text585                             2DC      2DC       C6      5B8       0
                text584                             237      237       A5      46E       0
                text583                             47E      47E       EA      8FC       0
                text582                              C3       C3       70      186       0
                text581                             EE2      EE2       2C     1DC4       0
                text580                             F0E      F0E       2C     1E1C       0
                text579                             1A7      1A7       90      34E       0
                text578                             EC1      EC1       21     1D82       0
                text577                             E69      E69       10     1CD2       0
                text576                             3A2      3A2       DC      744       0
                text575                             568      568      110      AD0       0
                text574                             678      678      188      CF0       0
                maintext                            F3A      F3A       60     1E74       0
                cstackBANK0                          20       20       15       20       1
                cstackCOMMON                         70       70        D       70       1
                bssBANK0                             35       35        4       20       1
                bssCOMMON                            7D       7D        1       70       1
                cinit                               E1A      E1A        9     1C34       0
                strings                             800      800       38     1000       0

TOTAL           Name                               Link     Load   Length     Space
        CLASS   CONST          

        CLASS   CODE           
                end_init                              0        0        3         0
                text599                             E23      E23        B         0
                text598                             E79      E79       17         0
                text597                             E2E      E2E        B         0
                text596                             E39      E39        B         0
                text595                             E5C      E5C        D         0
                text594                             E44      E44        C         0
                text593                             E50      E50        C         0
                text592                               5        5        D         0
                text591                             E90      E90       18         0
                text590                             133      133       74         0
                text589                             F9A      F9A       66         0
                text588                              12       12       48         0
                text587                              5A       5A       69         0
                text586                             EA8      EA8       19         0
                text585                             2DC      2DC       C6         0
                text584                             237      237       A5         0
                text583                             47E      47E       EA         0
                text582                              C3       C3       70         0
                text581                             EE2      EE2       2C         0
                text580                             F0E      F0E       2C         0
                text579                             1A7      1A7       90         0
                text578                             EC1      EC1       21         0
                text577                             E69      E69       10         0
                text576                             3A2      3A2       DC         0
                text575                             568      568      110         0
                text574                             678      678      188         0
                maintext                            F3A      F3A       60         0
                cinit                               E1A      E1A        9         0

        CLASS   STRCODE        

        CLASS   ENTRY          

        CLASS   STRING         
                strings                             800      800       38         0

        CLASS   BANK0          
                cstackBANK0                          20       20       15         1
                bssBANK0                             35       35        4         1

        CLASS   BANK1          

        CLASS   BANK2          

        CLASS   BANK3          

        CLASS   RAM            

        CLASS   ABS1           
                abs_s1                               7E       7E        2         1

        CLASS   COMMON         
                cstackCOMMON                         70       70        D         1
                bssCOMMON                            7D       7D        1         1

        CLASS   SFR0           

        CLASS   SFR1           

        CLASS   SFR2           

        CLASS   SFR3           

        CLASS   CONFIG         
                config                             2007     2007        1         0

        CLASS   IDLOC          

        CLASS   EEDATA         



SEGMENTS        Name                           Load    Length   Top    Selector   Space  Class     Delta

                reset_vec                      000000  000003  000003         0       0  CODE        2
                text592                        000005  00000D  000012         A       0  CODE        2
                cstackBANK0                    000020  000019  000039        20       1  BANK0       1
                text588                        000012  000048  00005A        24       0  CODE        2
                cstackCOMMON                   000070  00000E  00007E        70       1  COMMON      1
                text587                        00005A  000069  0000C3        B4       0  CODE        2
                text582                        0000C3  000070  000133       186       0  CODE        2
                text590                        000133  000074  0001A7       266       0  CODE        2
                text579                        0001A7  000090  000237       34E       0  CODE        2
                text584                        000237  0000A5  0002DC       46E       0  CODE        2
                text585                        0002DC  0000C6  0003A2       5B8       0  CODE        2
                text576                        0003A2  0000DC  00047E       744       0  CODE        2
                text583                        00047E  0000EA  000568       8FC       0  CODE        2
                text575                        000568  000110  000678       AD0       0  CODE        2
                text574                        000678  000188  000800       CF0       0  CODE        2
                strings                        000800  000038  000838      1000       0  STRING      2
                cinit                          000E1A  000009  000E23      1C34       0  CODE        2
                text599                        000E23  00000B  000E2E      1C46       0  CODE        2
                text597                        000E2E  00000B  000E39      1C5C       0  CODE        2
                text596                        000E39  00000B  000E44      1C72       0  CODE        2
                text594                        000E44  00000C  000E50      1C88       0  CODE        2
                text593                        000E50  00000C  000E5C      1CA0       0  CODE        2
                text595                        000E5C  00000D  000E69      1CB8       0  CODE        2
                text577                        000E69  000010  000E79      1CD2       0  CODE        2
                text598                        000E79  000017  000E90      1CF2       0  CODE        2
                text591                        000E90  000018  000EA8      1D20       0  CODE        2
                text586                        000EA8  000019  000EC1      1D50       0  CODE        2
                text578                        000EC1  000021  000EE2      1D82       0  CODE        2
                text581                        000EE2  00002C  000F0E      1DC4       0  CODE        2
                text580                        000F0E  00002C  000F3A      1E1C       0  CODE        2
                maintext                       000F3A  000060  000F9A      1E74       0  CODE        2
                text589                        000F9A  000066  001000      1F34       0  CODE        2
                config                         002007  000001  002008      400E       0  CONFIG      2


UNUSED ADDRESS RANGES

        Name                Unused          Largest block    Delta
        BANK0            0039-006F             37           1
        BANK1            00A0-00EF             50           1
        BANK2            0110-016F             60           1
        BANK3            0190-01EF             60           1
        CODE             0003-0004              2           2
                         0838-0E19            5E2
                         1000-1FFF            800
        CONST            0003-0004              2           2
                         0838-0E19            100
                         1000-1FFF            100
        EEDATA           2100-21FF            100           2
        ENTRY            0003-0004              2           2
                         0838-0E19            100
                         1000-1FFF            100
        IDLOC            2000-2003              4           2
        RAM              0039-006F             37           1
                         00A0-00EF             50
                         0110-016F             60
                         0190-01EF             60
        SFR0             0000-001F             20           1
        SFR1             0080-009F             20           1
        SFR2             0100-010F             10           1
        SFR3             0180-018F             10           1
        STRCODE          0003-0004              2           2
                         0838-0E19            5E2
                         1000-1FFF           1000
        STRING           0003-0004              2           2
                         0838-0E19            100
                         1000-1FFF            100

                                  Symbol Table

??_ClearLCDScreen                    cstackCOMMON 0075
??_DisplayDateOnLCD                  cstackCOMMON 0079
??_DisplayTimeToLCD                  cstackCOMMON 0079
??_Get_DS1307_RTC_Date               cstackCOMMON 0079
??_Get_DS1307_RTC_Time               cstackCOMMON 0079
??_I2C_ReStart                       cstackCOMMON 0070
??_I2C_Read_Byte                     cstackCOMMON 0070
??_I2C_Send_ACK                      cstackCOMMON 0070
??_I2C_Send_NACK                     cstackCOMMON 0070
??_I2C_Start                         cstackCOMMON 0070
??_I2C_Stop                          cstackCOMMON 0070
??_I2C_Write_Byte                    cstackCOMMON 0070
??_InitI2C                           cstackCOMMON 0070
??_InitLCD                           cstackCOMMON 0075
??_Read_Bytes_From_DS1307_RTC        cstackCOMMON 0074
??_SetTime                           cstackBANK0  0028
??_Set_DS1307_RTC_Date               cstackBANK0  0020
??_Set_DS1307_RTC_Time               cstackBANK0  0020
??_ToggleEpinOfLCD                   cstackCOMMON 0070
??_WriteCommandToLCD                 cstackCOMMON 0072
??_WriteDataToLCD                    cstackCOMMON 0072
??_WriteStringToLCD                  cstackCOMMON 0075
??_Write_Bytes_To_DS1307_RTC         cstackCOMMON 0073
??___awdiv                           cstackCOMMON 0074
??___awmod                           cstackCOMMON 0074
??___bmul                            cstackCOMMON 0071
??_main                              cstackBANK0  0032
?_ClearLCDScreen                     cstackCOMMON 0070
?_DisplayDateOnLCD                   cstackCOMMON 0070
?_DisplayTimeToLCD                   cstackCOMMON 0070
?_Get_DS1307_RTC_Date                cstackCOMMON 0070
?_Get_DS1307_RTC_Time                cstackCOMMON 0070
?_I2C_ReStart                        cstackCOMMON 0070
?_I2C_Read_Byte                      cstackCOMMON 0070
?_I2C_Send_ACK                       cstackCOMMON 0070
?_I2C_Send_NACK                      cstackCOMMON 0070
?_I2C_Start                          cstackCOMMON 0070
?_I2C_Stop                           cstackCOMMON 0070
?_I2C_Write_Byte                     cstackCOMMON 0070
?_InitI2C                            cstackCOMMON 0070
?_InitLCD                            cstackCOMMON 0070
?_Read_Bytes_From_DS1307_RTC         cstackCOMMON 0071
?_SetTime                            cstackCOMMON 0070
?_Set_DS1307_RTC_Date                cstackCOMMON 0079
?_Set_DS1307_RTC_Time                cstackCOMMON 0079
?_ToggleEpinOfLCD                    cstackCOMMON 0070
?_WriteCommandToLCD                  cstackCOMMON 0070
?_WriteDataToLCD                     cstackCOMMON 0070
?_WriteStringToLCD                   cstackCOMMON 0070
?_Write_Bytes_To_DS1307_RTC          cstackCOMMON 0071
?___awdiv                            cstackCOMMON 0070
?___awmod                            cstackCOMMON 0070
?___bmul                             cstackCOMMON 0070
?_main                               cstackCOMMON 0070
DisplayDateOnLCD@pDateArray          cstackCOMMON 007B
DisplayTimeToLCD@pTimeArray          cstackCOMMON 007B
I2C_Write_Byte@Byte                  cstackCOMMON 0070
Read_Bytes_From_DS1307_RTC@Address   cstackCOMMON 0076
Read_Bytes_From_DS1307_RTC@NoOfBytes cstackCOMMON 0072
Read_Bytes_From_DS1307_RTC@i         cstackCOMMON 0077
Read_Bytes_From_DS1307_RTC@pData     cstackCOMMON 0071
SetTime@disply_locat                 cstackBANK0  002E
SetTime@hr_set                       cstackBANK0  002B
SetTime@limit                        cstackBANK0  002F
SetTime@min_set                      cstackBANK0  002C
SetTime@sec_set                      cstackBANK0  002D
SetTime@store                        cstackBANK0  0030
SetTime@temp1                        cstackBANK0  0031
Set_DS1307_RTC_Date@Date             cstackCOMMON 007C
Set_DS1307_RTC_Date@Day              cstackCOMMON 007B
Set_DS1307_RTC_Date@Month            cstackCOMMON 0079
Set_DS1307_RTC_Date@Year             cstackCOMMON 007A
Set_DS1307_RTC_Time@Hours            cstackCOMMON 0079
Set_DS1307_RTC_Time@Mins             cstackCOMMON 007A
Set_DS1307_RTC_Time@Mode             cstackCOMMON 007C
Set_DS1307_RTC_Time@Secs             cstackCOMMON 007B
WriteCommandToLCD@Command            cstackCOMMON 0074
WriteDataToLCD@LCDChar               cstackCOMMON 0074
WriteStringToLCD@s                   cstackCOMMON 0076
Write_Bytes_To_DS1307_RTC@Address    cstackCOMMON 0075
Write_Bytes_To_DS1307_RTC@NoOfBytes  cstackCOMMON 0072
Write_Bytes_To_DS1307_RTC@i          cstackCOMMON 0076
Write_Bytes_To_DS1307_RTC@pData      cstackCOMMON 0071
_ACKDT                               (abs)        048D
_ACKEN                               (abs)        048C
_ACKSTAT                             (abs)        048E
_CARRY                               (abs)        0018
_ClearLCDScreen                      text577      0E69
_DisplayDateOnLCD                    text575      0568
_DisplayTimeToLCD                    text576      03A2
_EEADR                               (abs)        010D
_EECON1                              (abs)        018C
_EECON2                              (abs)        018D
_EEDATA                              (abs)        010C
_GIE                                 (abs)        005F
_Get_DS1307_RTC_Date                 text582      00C3
_Get_DS1307_RTC_Time                 text584      0237
_I2C_ReStart                         text596      0E39
_I2C_Read_Byte                       text595      0E5C
_I2C_Send_ACK                        text593      0E50
_I2C_Send_NACK                       text594      0E44
_I2C_Start                           text599      0E23
_I2C_Stop                            text597      0E2E
_I2C_Write_Byte                      text598      0E79
_InitI2C                             text592      0005
_InitLCD                             text579      01A7
_PEN                                 (abs)        048A
_PORTB                               (abs)        0006
_RB0                                 (abs)        0030
_RB1                                 (abs)        0031
_RB4                                 (abs)        0034
_RB5                                 (abs)        0035
_RB6                                 (abs)        0036
_RB7                                 (abs)        0037
_RCEN                                (abs)        048B
_RD                                  (abs)        0C60
_RD0                                 (abs)        0040
_RD1                                 (abs)        0041
_RD2                                 (abs)        0042
_RD3                                 (abs)        0043
_RSEN                                (abs)        0489
_Read_Bytes_From_DS1307_RTC          text587      005A
_SEN                                 (abs)        0488
_SSPADD                              (abs)        0093
_SSPBUF                              (abs)        0013
_SSPCON                              (abs)        0014
_SSPIF                               (abs)        0063
_SSPSTAT                             (abs)        0094
_SetTime                             text574      0678
_Set_DS1307_RTC_Date                 text583      047E
_Set_DS1307_RTC_Time                 text585      02DC
_TRISB0                              (abs)        0430
_TRISB1                              (abs)        0431
_TRISB4                              (abs)        0434
_TRISB5                              (abs)        0435
_TRISB6                              (abs)        0436
_TRISB7                              (abs)        0437
_TRISC3                              (abs)        043B
_TRISC4                              (abs)        043C
_Temp                                bssCOMMON    007D
_ToggleEpinOfLCD                     text586      0EA8
_WR                                  (abs)        0C61
_WREN                                (abs)        0C62
_WriteCommandToLCD                   text581      0EE2
_WriteDataToLCD                      text580      0F0E
_WriteStringToLCD                    text578      0EC1
_Write_Bytes_To_DS1307_RTC           text588      0012
__Habs1                              abs1         0000
__Hbank0                             bank0        0000
__Hbank1                             bank1        0000
__Hbank2                             bank2        0000
__Hbank3                             bank3        0000
__HbssBANK0                          bssBANK0     0000
__HbssCOMMON                         bssCOMMON    0000
__Hcinit                             cinit        0000
__Hclrtext                           clrtext      0000
__Hcode                              code         0000
__Hcommon                            common       0000
__Hconfig                            config       2008
__HcstackBANK0                       cstackBANK0  0000
__HcstackCOMMON                      cstackCOMMON 0000
__Heeprom_data                       eeprom_data  0000
__Hend_init                          end_init     0003
__Hfunctab                           functab      0000
__Hidloc                             idloc        0000
__Hinit                              init         0000
__Hintentry                          intentry     0000
__Hmaintext                          maintext     0000
__Hpowerup                           powerup      0000
__Hram                               ram          0000
__Hreset_vec                         reset_vec    0000
__Hsfr0                              sfr0         0000
__Hsfr1                              sfr1         0000
__Hsfr2                              sfr2         0000
__Hsfr3                              sfr3         0000
__Hstrings                           strings      0000
__Htext                              text         0000
__Labs1                              abs1         0000
__Lbank0                             bank0        0000
__Lbank1                             bank1        0000
__Lbank2                             bank2        0000
__Lbank3                             bank3        0000
__LbssBANK0                          bssBANK0     0000
__LbssCOMMON                         bssCOMMON    0000
__Lcinit                             cinit        0000
__Lclrtext                           clrtext      0000
__Lcode                              code         0000
__Lcommon                            common       0000
__Lconfig                            config       2007
__LcstackBANK0                       cstackBANK0  0000
__LcstackCOMMON                      cstackCOMMON 0000
__Leeprom_data                       eeprom_data  0000
__Lend_init                          end_init     0000
__Lfunctab                           functab      0000
__Lidloc                             idloc        0000
__Linit                              init         0000
__Lintentry                          intentry     0000
__Lmaintext                          maintext     0000
__Lpowerup                           powerup      0000
__Lram                               ram          0000
__Lreset_vec                         reset_vec    0000
__Lsfr0                              sfr0         0000
__Lsfr1                              sfr1         0000
__Lsfr2                              sfr2         0000
__Lsfr3                              sfr3         0000
__Lstrings                           strings      0000
__Ltext                              text         0000
__S0                                 (abs)        2008
__S1                                 (abs)        007E
__S2                                 (abs)        0000
___awdiv                             text590      0133
___awdiv@counter                     cstackCOMMON 0075
___awdiv@dividend                    cstackCOMMON 0072
___awdiv@divisor                     cstackCOMMON 0070
___awdiv@quotient                    cstackCOMMON 0077
___awdiv@sign                        cstackCOMMON 0076
___awmod                             text589      0F9A
___awmod@counter                     cstackCOMMON 0075
___awmod@dividend                    cstackCOMMON 0072
___awmod@divisor                     cstackCOMMON 0070
___awmod@sign                        cstackCOMMON 0076
___bmul                              text591      0E90
___bmul@multiplicand                 cstackCOMMON 0070
___bmul@multiplier                   cstackCOMMON 0073
___bmul@product                      cstackCOMMON 0072
__end_of_ClearLCDScreen              text577      0E79
__end_of_DisplayDateOnLCD            text575      0678
__end_of_DisplayTimeToLCD            text576      047E
__end_of_Get_DS1307_RTC_Date         text582      0133
__end_of_Get_DS1307_RTC_Time         text584      02DC
__end_of_I2C_ReStart                 text596      0E44
__end_of_I2C_Read_Byte               text595      0E69
__end_of_I2C_Send_ACK                text593      0E5C
__end_of_I2C_Send_NACK               text594      0E50
__end_of_I2C_Start                   text599      0E2E
__end_of_I2C_Stop                    text597      0E39
__end_of_I2C_Write_Byte              text598      0E90
__end_of_InitI2C                     text592      0012
__end_of_InitLCD                     text579      0237
__end_of_Read_Bytes_From_DS1307_RTC  text587      00C3
__end_of_SetTime                     text574      0800
__end_of_Set_DS1307_RTC_Date         text583      0568
__end_of_Set_DS1307_RTC_Time         text585      03A2
__end_of_ToggleEpinOfLCD             text586      0EC1
__end_of_WriteCommandToLCD           text581      0F0E
__end_of_WriteDataToLCD              text580      0F3A
__end_of_WriteStringToLCD            text578      0EE2
__end_of_Write_Bytes_To_DS1307_RTC   text588      005A
__end_of___awdiv                     text590      01A7
__end_of___awmod                     text589      1000
__end_of___bmul                      text591      0EA8
__end_of_main                        maintext     0F9A
__pbssBANK0                          bssBANK0     0035
__pbssCOMMON                         bssCOMMON    007D
__pcstackBANK0                       cstackBANK0  0020
__pcstackCOMMON                      cstackCOMMON 0070
__pmaintext                          maintext     0F3A
__pstrings                           strings      0800
__ptext573                           text573      0000
__ptext574                           text574      0678
__ptext575                           text575      0568
__ptext576                           text576      03A2
__ptext577                           text577      0E69
__ptext578                           text578      0EC1
__ptext579                           text579      01A7
__ptext580                           text580      0F0E
__ptext581                           text581      0EE2
__ptext582                           text582      00C3
__ptext583                           text583      047E
__ptext584                           text584      0237
__ptext585                           text585      02DC
__ptext586                           text586      0EA8
__ptext587                           text587      005A
__ptext588                           text588      0012
__ptext589                           text589      0F9A
__ptext590                           text590      0133
__ptext591                           text591      0E90
__ptext592                           text592      0005
__ptext593                           text593      0E50
__ptext594                           text594      0E44
__ptext595                           text595      0E5C
__ptext596                           text596      0E39
__ptext597                           text597      0E2E
__ptext598                           text598      0E79
__ptext599                           text599      0E23
__ptext600                           text600      0000
__size_of_ClearLCDScreen             (abs)        0000
__size_of_DisplayDateOnLCD           (abs)        0000
__size_of_DisplayTimeToLCD           (abs)        0000
__size_of_Get_DS1307_RTC_Date        (abs)        0000
__size_of_Get_DS1307_RTC_Time        (abs)        0000
__size_of_I2C_ReStart                (abs)        0000
__size_of_I2C_Read_Byte              (abs)        0000
__size_of_I2C_Send_ACK               (abs)        0000
__size_of_I2C_Send_NACK              (abs)        0000
__size_of_I2C_Start                  (abs)        0000
__size_of_I2C_Stop                   (abs)        0000
__size_of_I2C_Write_Byte             (abs)        0000
__size_of_InitI2C                    (abs)        0000
__size_of_InitLCD                    (abs)        0000
__size_of_Read_Bytes_From_DS1307_RTC (abs)        0000
__size_of_SetTime                    (abs)        0000
__size_of_Set_DS1307_RTC_Date        (abs)        0000
__size_of_Set_DS1307_RTC_Time        (abs)        0000
__size_of_ToggleEpinOfLCD            (abs)        0000
__size_of_WriteCommandToLCD          (abs)        0000
__size_of_WriteDataToLCD             (abs)        0000
__size_of_WriteStringToLCD           (abs)        0000
__size_of_Write_Bytes_To_DS1307_RTC  (abs)        0000
__size_of___awdiv                    (abs)        0000
__size_of___awmod                    (abs)        0000
__size_of___bmul                     (abs)        0000
__size_of_main                       (abs)        0000
_exit                                init         0000
_main                                maintext     0F3A
_pRTCArray                           bssBANK0     0035
btemp                                (abs)        007E
end_of_initialization                cinit        0E1F
intlevel0                            functab      0000
intlevel1                            functab      0000
intlevel2                            functab      0000
intlevel3                            functab      0000
intlevel4                            functab      0000
intlevel5                            functab      0000
reset_vec                            reset_vec    0000
start                                init         0000
start_initialization                 cinit        0E1A
wtemp0                               (abs)        007E
