HI-TECH Software C Compiler 

Linker command line:

--edf=C:\Program Files (x86)\HI-TECH Software\PICC\9.83\dat\en_msgs.txt -cs \
  -h+EEPROM_Access.sym -z -Q16F877 -ol.obj -MEEPROM_Access.map -E1 \
  -ACONST=00h-0FFhx32 -ACODE=00h-07FFhx4 -ASTRCODE=00h-01FFFh \
  -AENTRY=00h-0FFhx32 -ASTRING=00h-0FFhx32 -ABANK0=020h-06Fh \
  -ABANK1=0A0h-0EFh -ABANK2=0110h-016Fh -ABANK3=0190h-01EFh \
  -ARAM=020h-06Fh,0A0h-0EFh,0110h-016Fh,0190h-01EFh \
  -AABS1=020h-07Fh,0A0h-0EFh,0110h-016Fh,0190h-01EFh -ACOMMON=070h-07Fh \
  -ASFR0=00h-01Fh -ASFR1=080h-09Fh -ASFR2=0100h-010Fh -ASFR3=0180h-018Fh \
  -preset_vec=00h,intentry,init,end_init -ppowerup=CODE -pfunctab=CODE \
  -ACONFIG=02007h-02007h -pconfig=CONFIG -DCONFIG=2 -AIDLOC=02000h-02003h \
  -pidloc=IDLOC -DIDLOC=2 -AEEDATA=00h-0FFh/02100h -peeprom_data=EEDATA \
  -DEEDATA=2 -DCODE=2 -DSTRCODE=2 -DSTRING=2 -DCONST=2 -DENTRY=2 -k \
  startup.obj EEPROM_Access.obj 

Object code version is 3.10

Machine type is 16F877



                Name                               Link     Load   Length Selector   Space Scale
startup.obj     end_init                              0        0        3        0       0
EEPROM_Access.obj
                config                             2007     2007        1     400E       0
                text447                             5F6      5F6        C      BEC       0
                text438                             713      713       ED      E26       0
                text433                             66B      66B       A8      CD6       0
                maintext                            602      602       69      C04       0
                cstackBANK0                          20       20        9       20       1
                cstackCOMMON                         70       70        9       70       1
                dataBANK0                            29       29        4       20       1
                cinit                               5EB      5EB        B      BD6       0

TOTAL           Name                               Link     Load   Length     Space
        CLASS   CONST          

        CLASS   CODE           
                end_init                              0        0        3         0
                text447                             5F6      5F6        C         0
                text438                             713      713       ED         0
                text433                             66B      66B       A8         0
                maintext                            602      602       69         0
                cinit                               5EB      5EB        B         0

        CLASS   STRCODE        

        CLASS   ENTRY          

        CLASS   STRING         

        CLASS   BANK0          
                cstackBANK0                          20       20        9         1
                dataBANK0                            29       29        4         1

        CLASS   BANK1          

        CLASS   BANK2          

        CLASS   BANK3          

        CLASS   RAM            

        CLASS   ABS1           
                abs_s1                               7E       7E        2         1

        CLASS   COMMON         
                cstackCOMMON                         70       70        9         1

        CLASS   SFR0           

        CLASS   SFR1           

        CLASS   SFR2           

        CLASS   SFR3           

        CLASS   CONFIG         
                config                             2007     2007        1         0

        CLASS   IDLOC          

        CLASS   EEDATA         



SEGMENTS        Name                           Load    Length   Top    Selector   Space  Class     Delta

                reset_vec                      000000  000003  000003         0       0  CODE        2
                cstackBANK0                    000020  00000D  00002D        20       1  BANK0       1
                cstackCOMMON                   000070  000009  000079        70       1  COMMON      1
                cinit                          0005EB  00000B  0005F6       BD6       0  CODE        2
                text447                        0005F6  00000C  000602       BEC       0  CODE        2
                maintext                       000602  000069  00066B       C04       0  CODE        2
                text433                        00066B  0000A8  000713       CD6       0  CODE        2
                text438                        000713  0000ED  000800       E26       0  CODE        2
                config                         002007  000001  002008      400E       0  CONFIG      2


UNUSED ADDRESS RANGES

        Name                Unused          Largest block    Delta
        BANK0            002D-006F             43           1
        BANK1            00A0-00EF             50           1
        BANK2            0110-016F             60           1
        BANK3            0190-01EF             60           1
        CODE             0003-05EA            5E8           2
                         0800-1FFF            800
        COMMON           0079-007D              5           1
        CONST            0003-05EA            100           2
                         0800-1FFF            100
        EEDATA           2100-21FF            100           2
        ENTRY            0003-05EA            100           2
                         0800-1FFF            100
        IDLOC            2000-2003              4           2
        RAM              002D-006F             43           1
                         00A0-00EF             50
                         0110-016F             60
                         0190-01EF             60
        SFR0             0000-001F             20           1
        SFR1             0080-009F             20           1
        SFR2             0100-010F             10           1
        SFR3             0180-018F             10           1
        STRCODE          0003-05EA            5E8           2
                         0800-1FFF           1800
        STRING           0003-05EA            100           2
                         0800-1FFF            100

                                  Symbol Table

??_I2C_ReStart                          cstackCOMMON 0070
??_I2C_Read_Byte                        cstackCOMMON 0070
??_I2C_Send_ACK                         cstackCOMMON 0070
??_I2C_Send_NACK                        cstackCOMMON 0070
??_I2C_Start                            cstackCOMMON 0070
??_I2C_Stop                             cstackCOMMON 0070
??_I2C_Write_Byte                       cstackCOMMON 0070
??_InitI2C                              cstackCOMMON 0070
??_InitLCD                              cstackCOMMON 0073
??_Read_Byte_From_24LC64_EEPROM         cstackCOMMON 0073
??_Read_Bytes_From_24LC64_EEPROM        cstackCOMMON 0076
??_ToggleEpinOfLCD                      cstackCOMMON 0070
??_WriteCommandToLCD                    cstackCOMMON 0072
??_WriteDataToLCD                       cstackCOMMON 0072
??_Write_Byte_To_24LC64_EEPROM          cstackCOMMON 0074
??_Write_Page_To_24LC64_EEPROM          cstackCOMMON 0075
??_main                                 cstackCOMMON 0079
?_I2C_ReStart                           cstackCOMMON 0070
?_I2C_Read_Byte                         cstackCOMMON 0070
?_I2C_Send_ACK                          cstackCOMMON 0070
?_I2C_Send_NACK                         cstackCOMMON 0070
?_I2C_Start                             cstackCOMMON 0070
?_I2C_Stop                              cstackCOMMON 0070
?_I2C_Write_Byte                        cstackCOMMON 0070
?_InitI2C                               cstackCOMMON 0070
?_InitLCD                               cstackCOMMON 0070
?_Read_Byte_From_24LC64_EEPROM          cstackCOMMON 0071
?_Read_Bytes_From_24LC64_EEPROM         cstackCOMMON 0071
?_ToggleEpinOfLCD                       cstackCOMMON 0070
?_WriteCommandToLCD                     cstackCOMMON 0070
?_WriteDataToLCD                        cstackCOMMON 0070
?_Write_Byte_To_24LC64_EEPROM           cstackCOMMON 0071
?_Write_Page_To_24LC64_EEPROM           cstackCOMMON 0071
?_main                                  cstackCOMMON 0070
I2C_Write_Byte@Byte                     cstackCOMMON 0070
Read_Byte_From_24LC64_EEPROM@Address    cstackCOMMON 0071
Read_Byte_From_24LC64_EEPROM@Byte       cstackCOMMON 0073
Read_Bytes_From_24LC64_EEPROM@Address   cstackCOMMON 0071
Read_Bytes_From_24LC64_EEPROM@NoOfBytes cstackCOMMON 0074
Read_Bytes_From_24LC64_EEPROM@i         cstackCOMMON 0077
Read_Bytes_From_24LC64_EEPROM@pData     cstackCOMMON 0073
WriteCommandToLCD@Command               cstackCOMMON 0072
WriteDataToLCD@LCDChar                  cstackCOMMON 0072
Write_Byte_To_24LC64_EEPROM@Address     cstackCOMMON 0071
Write_Byte_To_24LC64_EEPROM@DataByte    cstackCOMMON 0073
Write_Page_To_24LC64_EEPROM@Address     cstackCOMMON 0071
Write_Page_To_24LC64_EEPROM@NoOfBytes   cstackCOMMON 0074
Write_Page_To_24LC64_EEPROM@i           cstackCOMMON 0077
Write_Page_To_24LC64_EEPROM@pData       cstackCOMMON 0073
_ACKDT                                  (abs)        048D
_ACKEN                                  (abs)        048C
_ACKSTAT                                (abs)        048E
_I2C_ReStart                            text438      07D3
_I2C_Read_Byte                          text438      07E1
_I2C_Send_ACK                           text438      07F8
_I2C_Send_NACK                          text438      07F0
_I2C_Start                              text438      07DA
_I2C_Stop                               text438      07E9
_I2C_Write_Byte                         text438      07C5
_InitI2C                                text447      05F6
_InitLCD                                text433      067C
_PEN                                    (abs)        048A
_PORTB                                  (abs)        0006
_RB0                                    (abs)        0030
_RB1                                    (abs)        0031
_RB4                                    (abs)        0034
_RB5                                    (abs)        0035
_RB6                                    (abs)        0036
_RB7                                    (abs)        0037
_RCEN                                   (abs)        048B
_RSEN                                   (abs)        0489
_Read_Byte_From_24LC64_EEPROM           text438      072D
_Read_Bytes_From_24LC64_EEPROM          text438      0783
_SEN                                    (abs)        0488
_SSPADD                                 (abs)        0093
_SSPBUF                                 (abs)        0013
_SSPCON                                 (abs)        0014
_SSPIF                                  (abs)        0063
_SSPSTAT                                (abs)        0094
_TRISB0                                 (abs)        0430
_TRISB1                                 (abs)        0431
_TRISB4                                 (abs)        0434
_TRISB5                                 (abs)        0435
_TRISB6                                 (abs)        0436
_TRISB7                                 (abs)        0437
_TRISC3                                 (abs)        043B
_TRISC4                                 (abs)        043C
_ToggleEpinOfLCD                        text433      06DA
_WriteCommandToLCD                      text433      06F0
_WriteDataToLCD                         text433      066B
_Write_Byte_To_24LC64_EEPROM            text438      0713
_Write_Page_To_24LC64_EEPROM            text438      0753
__Habs1                                 abs1         0000
__Hbank0                                bank0        0000
__Hbank1                                bank1        0000
__Hbank2                                bank2        0000
__Hbank3                                bank3        0000
__Hcinit                                cinit        0000
__Hclrtext                              clrtext      0000
__Hcode                                 code         0000
__Hcommon                               common       0000
__Hconfig                               config       2008
__HcstackBANK0                          cstackBANK0  0000
__HcstackCOMMON                         cstackCOMMON 0000
__HdataBANK0                            dataBANK0    0000
__Heeprom_data                          eeprom_data  0000
__Hend_init                             end_init     0003
__Hfunctab                              functab      0000
__HidataBANK0                           idataBANK0   0000
__Hidloc                                idloc        0000
__Hinit                                 init         0000
__Hintentry                             intentry     0000
__Hmaintext                             maintext     0000
__Hpa_nodes                             pa_nodes     0000
__Hpowerup                              powerup      0000
__Hram                                  ram          0000
__Hreset_vec                            reset_vec    0000
__Hsfr0                                 sfr0         0000
__Hsfr1                                 sfr1         0000
__Hsfr2                                 sfr2         0000
__Hsfr3                                 sfr3         0000
__Hstrings                              strings      0000
__Htext                                 text         0000
__Labs1                                 abs1         0000
__Lbank0                                bank0        0000
__Lbank1                                bank1        0000
__Lbank2                                bank2        0000
__Lbank3                                bank3        0000
__Lcinit                                cinit        0000
__Lclrtext                              clrtext      0000
__Lcode                                 code         0000
__Lcommon                               common       0000
__Lconfig                               config       2007
__LcstackBANK0                          cstackBANK0  0000
__LcstackCOMMON                         cstackCOMMON 0000
__LdataBANK0                            dataBANK0    0000
__Leeprom_data                          eeprom_data  0000
__Lend_init                             end_init     0000
__Lfunctab                              functab      0000
__LidataBANK0                           idataBANK0   0000
__Lidloc                                idloc        0000
__Linit                                 init         0000
__Lintentry                             intentry     0000
__Lmaintext                             maintext     0000
__Lpa_nodes                             pa_nodes     0000
__Lpowerup                              powerup      0000
__Lram                                  ram          0000
__Lreset_vec                            reset_vec    0000
__Lsfr0                                 sfr0         0000
__Lsfr1                                 sfr1         0000
__Lsfr2                                 sfr2         0000
__Lsfr3                                 sfr3         0000
__Lstrings                              strings      0000
__Ltext                                 text         0000
__S0                                    (abs)        2008
__S1                                    (abs)        0079
__S2                                    (abs)        0000
__end_of_I2C_ReStart                    text438      07DA
__end_of_I2C_Read_Byte                  text438      07E9
__end_of_I2C_Send_ACK                   text438      0800
__end_of_I2C_Send_NACK                  text438      07F8
__end_of_I2C_Start                      text438      07E1
__end_of_I2C_Stop                       text438      07F0
__end_of_I2C_Write_Byte                 text438      07D3
__end_of_InitI2C                        text447      0602
__end_of_InitLCD                        text433      06DA
__end_of_Read_Byte_From_24LC64_EEPROM   text438      0753
__end_of_Read_Bytes_From_24LC64_EEPROM  text438      07C5
__end_of_ToggleEpinOfLCD                text433      06F0
__end_of_WriteCommandToLCD              text433      0702
__end_of_WriteDataToLCD                 text433      067C
__end_of_Write_Byte_To_24LC64_EEPROM    text438      072D
__end_of_Write_Page_To_24LC64_EEPROM    text438      0783
__end_of_main                           maintext     066B
__pcstackBANK0                          cstackBANK0  0020
__pcstackCOMMON                         cstackCOMMON 0070
__pdataBANK0                            dataBANK0    0029
__pidataBANK0                           idataBANK0   0000
__pmaintext                             maintext     0602
__ptext432                              text433      067C
__ptext433                              text433      066B
__ptext434                              text433      06F0
__ptext435                              text438      0783
__ptext436                              text438      0753
__ptext437                              text438      072D
__ptext438                              text438      0713
__ptext439                              text433      06DA
__ptext440                              text438      07E1
__ptext441                              text438      07C5
__ptext442                              text438      07F0
__ptext443                              text438      07F8
__ptext444                              text438      07E9
__ptext445                              text438      07D3
__ptext446                              text438      07DA
__ptext447                              text447      05F6
__ptext448                              text448      0000
__size_of_I2C_ReStart                   (abs)        0000
__size_of_I2C_Read_Byte                 (abs)        0000
__size_of_I2C_Send_ACK                  (abs)        0000
__size_of_I2C_Send_NACK                 (abs)        0000
__size_of_I2C_Start                     (abs)        0000
__size_of_I2C_Stop                      (abs)        0000
__size_of_I2C_Write_Byte                (abs)        0000
__size_of_InitI2C                       (abs)        0000
__size_of_InitLCD                       (abs)        0000
__size_of_Read_Byte_From_24LC64_EEPROM  (abs)        0000
__size_of_Read_Bytes_From_24LC64_EEPROM (abs)        0000
__size_of_ToggleEpinOfLCD               (abs)        0000
__size_of_WriteCommandToLCD             (abs)        0000
__size_of_WriteDataToLCD                (abs)        0000
__size_of_Write_Byte_To_24LC64_EEPROM   (abs)        0000
__size_of_Write_Page_To_24LC64_EEPROM   (abs)        0000
__size_of_main                          (abs)        0000
_exit                                   init         0000
_main                                   maintext     0602
btemp                                   (abs)        007E
end_of_initialization                   cinit        05F2
intlevel0                               functab      0000
intlevel1                               functab      0000
intlevel2                               functab      0000
intlevel3                               functab      0000
intlevel4                               functab      0000
intlevel5                               functab      0000
l1326                                                    
l1329                                                    
l1332                                                    
l1335                                                    
l2664                                                    
l2670                                                    
l2679                                                    
l2688                                                    
l3931                                                    
l3933                                                    
l3935                                                    
l3937                                                    
l3941                                                    
l3943                                                    
l3945                                                    
l3953                                                    
l3955                                                    
l3961                                                    
l3963                                                    
l3965                                                    
l3973                                                    
l3975                                                    
l3977                                                    
l3985                                                    
l3987                                                    
l3989                                                    
l3991                                                    
l3993                                                    
l3995                                                    
l3999                                                    
l4007                                                    
l4011                                                    
l4017                                                    
l4025                                                    
l4027                                                    
l4029                                                    
l4031                                                    
l4035                                                    
l4037                                                    
l4043                                                    
l4045                                                    
l4047                                                    
l4049                                                    
l4051                                                    
l4053                                                    
l4055                                                    
l4057                                                    
l4059                                                    
l4061                                                    
l4063                                                    
l4065                                                    
l4067                                                    
l4069                                                    
l4071                                                    
l4073                                                    
l4075                                                    
l4077                                                    
l4079                                                    
l4081                                                    
l4083                                                    
l4085                                                    
l4087                                                    
l4089                                                    
l4091                                                    
l4093                                                    
l4095                                                    
l4097                                                    
l4099                                                    
l4101                                                    
l4103                                                    
l4105                                                    
l4107                                                    
l4109                                                    
l4111                                                    
l4113                                                    
l4115                                                    
l4117                                                    
l4119                                                    
l4121                                                    
l4123                                                    
l4125                                                    
l4127                                                    
l4129                                                    
l4131                                                    
l4133                                                    
l641                                                     
l647                                                     
l653                                                     
l659                                                     
l665                                                     
l671                                                     
l683                                                     
main@F1062                              dataBANK0    0029
main@RxArray                            cstackBANK0  0024
main@RxByte                             cstackBANK0  0028
main@TxArray                            cstackBANK0  0020
reset_vec                               reset_vec    0000
start                                   init         0000
start_initialization                    cinit        05EB
wtemp0                                  (abs)        007E
