HI-TECH Software C Compiler 

Linker command line:

--edf=C:\Program Files (x86)\HI-TECH Software\PICC\9.83\dat\en_msgs.txt -cs \
  -h+automatic shoe rack.sym -z -Q16F877A -ol.obj -Mautomatic shoe rack.map \
  -E1 -ACONST=00h-0FFhx32 -ACODE=00h-07FFhx4 -ASTRCODE=00h-01FFFh \
  -AENTRY=00h-0FFhx32 -ASTRING=00h-0FFhx32 -ABANK0=020h-06Fh \
  -ABANK1=0A0h-0EFh -ABANK2=0110h-016Fh -ABANK3=0190h-01EFh \
  -ARAM=020h-06Fh,0A0h-0EFh,0110h-016Fh,0190h-01EFh \
  -AABS1=020h-07Fh,0A0h-0EFh,0110h-016Fh,0190h-01EFh -ACOMMON=070h-07Fh \
  -ASFR0=00h-01Fh -ASFR1=080h-09Fh -ASFR2=0100h-010Fh -ASFR3=0180h-018Fh \
  -preset_vec=00h,intentry,init,end_init -ppowerup=CODE -pfunctab=CODE \
  -ACONFIG=02007h-02007h -pconfig=CONFIG -DCONFIG=2 -AIDLOC=02000h-02003h \
  -pidloc=IDLOC -DIDLOC=2 -AEEDATA=00h-0FFh/02100h -peeprom_data=EEDATA \
  -DEEDATA=2 -DCODE=2 -DSTRCODE=2 -DSTRING=2 -DCONST=2 -DENTRY=2 -k \
  startup.obj automatic shoe rack.obj 

Object code version is 3.10

Machine type is 16F877A



                Name                               Link     Load   Length Selector   Space Scale
startup.obj     end_init                              0        0        3        0       0
automatic shoe rack.obj
                text194                             1EC      1EC       3E      3D8       0
                text193                             22A      22A       51      454       0
                text192                             27B      27B       51      4F6       0
                text191                             19F      19F       14      33E       0
                text190                             2CC      2CC       73      598       0
                text189                             1B3      1B3       39      366       0
                maintext                            33F      33F      4C1      67E       0
                cstackBANK0                          20       20        2       20       1
                cstackCOMMON                         70       70        E       70       1
                cinit                               19B      19B        4      336       0
                stringtext                          800      800      117       10       0
                strings                               3        3       12        6       0

TOTAL           Name                               Link     Load   Length     Space
        CLASS   CONST          

        CLASS   CODE           
                end_init                              0        0        3         0
                text194                             1EC      1EC       3E         0
                text193                             22A      22A       51         0
                text192                             27B      27B       51         0
                text191                             19F      19F       14         0
                text190                             2CC      2CC       73         0
                text189                             1B3      1B3       39         0
                maintext                            33F      33F      4C1         0
                cinit                               19B      19B        4         0

        CLASS   STRCODE        
                stringtext                          800      800      117         0

        CLASS   ENTRY          

        CLASS   STRING         
                strings                               3        3       12         0

        CLASS   BANK0          
                cstackBANK0                          20       20        2         1

        CLASS   BANK1          

        CLASS   BANK2          

        CLASS   BANK3          

        CLASS   RAM            

        CLASS   ABS1           
                abs_s1                               7E       7E        2         1

        CLASS   COMMON         
                cstackCOMMON                         70       70        E         1

        CLASS   SFR0           

        CLASS   SFR1           

        CLASS   SFR2           

        CLASS   SFR3           

        CLASS   CONFIG         

        CLASS   IDLOC          

        CLASS   EEDATA         



SEGMENTS        Name                           Load    Length   Top    Selector   Space  Class     Delta

                reset_vec                      000000  000003  000003         0       0  CODE        2
                strings                        000003  000012  000015         6       0  STRING      2
                cstackBANK0                    000020  000002  000022        20       1  BANK0       1
                cstackCOMMON                   000070  00000E  00007E        70       1  COMMON      1
                cinit                          00019B  000004  00019F       336       0  CODE        2
                text191                        00019F  000014  0001B3       33E       0  CODE        2
                text189                        0001B3  000039  0001EC       366       0  CODE        2
                text194                        0001EC  00003E  00022A       3D8       0  CODE        2
                text193                        00022A  000051  00027B       454       0  CODE        2
                text192                        00027B  000051  0002CC       4F6       0  CODE        2
                text190                        0002CC  000073  00033F       598       0  CODE        2
                maintext                       00033F  0004C1  000800       67E       0  CODE        2
                stringtext                     000800  000117  000917        10       0  STRCODE     2


UNUSED ADDRESS RANGES

        Name                Unused          Largest block    Delta
        BANK0            0022-006F             4E           1
        BANK1            00A0-00EF             50           1
        BANK2            0110-016F             60           1
        BANK3            0190-01EF             60           1
        CODE             0015-019A            186           2
                         0917-1FFF            800
        CONFIG           2007-2007              1           2
        CONST            0015-019A             EB           2
                         0917-1FFF            100
        EEDATA           2100-21FF            100           2
        ENTRY            0015-019A             EB           2
                         0917-1FFF            100
        IDLOC            2000-2003              4           2
        RAM              0022-006F             4E           1
                         00A0-00EF             50
                         0110-016F             60
                         0190-01EF             60
        SFR0             0000-001F             20           1
        SFR1             0080-009F             20           1
        SFR2             0100-010F             10           1
        SFR3             0180-018F             10           1
        STRCODE          0015-019A            186           2
                         0917-1FFF           16E9
        STRING           0015-019A             EB           2
                         0917-1FFF            100

                                  Symbol Table

??_delay                 cstackCOMMON 0072
??_display               cstackBANK0  0020
??_lcd_init              cstackCOMMON 007C
??_lcd_init_write        cstackCOMMON 0077
??_lcdcmd                cstackCOMMON 0079
??_lcddata               cstackCOMMON 0079
??_main                  cstackCOMMON 007E
?_delay                  cstackCOMMON 0070
?_display                cstackCOMMON 007C
?_lcd_init               cstackCOMMON 0070
?_lcd_init_write         cstackCOMMON 0070
?_lcdcmd                 cstackCOMMON 0077
?_lcddata                cstackCOMMON 0077
?_main                   cstackCOMMON 0070
_ADCON1                  (abs)        009F
_CARRY                   (abs)        0018
_EEADR                   (abs)        010D
_EECON1                  (abs)        018C
_EECON2                  (abs)        018D
_EEDATA                  (abs)        010C
_GIE                     (abs)        005F
_PORTC                   (abs)        0007
_PORTD                   (abs)        0008
_RA0                     (abs)        0028
_RA1                     (abs)        0029
_RA2                     (abs)        002A
_RA3                     (abs)        002B
_RB0                     (abs)        0030
_RB1                     (abs)        0031
_RB3                     (abs)        0033
_RB4                     (abs)        0034
_RB5                     (abs)        0035
_RB6                     (abs)        0036
_RB7                     (abs)        0037
_RC0                     (abs)        0038
_RC1                     (abs)        0039
_RC2                     (abs)        003A
_RC4                     (abs)        003C
_RC5                     (abs)        003D
_RC6                     (abs)        003E
_RC7                     (abs)        003F
_RD                      (abs)        0C60
_RD0                     (abs)        0040
_RD1                     (abs)        0041
_RD2                     (abs)        0042
_RD3                     (abs)        0043
_RE0                     (abs)        0048
_RE1                     (abs)        0049
_RE2                     (abs)        004A
_TRISA                   (abs)        0085
_TRISB                   (abs)        0086
_TRISC                   (abs)        0087
_TRISD                   (abs)        0088
_TRISE                   (abs)        0089
_WR                      (abs)        0C61
_WREN                    (abs)        0C62
__Habs1                  abs1         0000
__Hbank0                 bank0        0000
__Hbank1                 bank1        0000
__Hbank2                 bank2        0000
__Hbank3                 bank3        0000
__Hcinit                 cinit        0000
__Hclrtext               clrtext      0000
__Hcode                  code         0000
__Hcommon                common       0000
__Hconfig                config       0000
__HcstackBANK0           cstackBANK0  0000
__HcstackCOMMON          cstackCOMMON 0000
__Heeprom_data           eeprom_data  0000
__Hend_init              end_init     0003
__Hfunctab               functab      0000
__Hidloc                 idloc        0000
__Hinit                  init         0000
__Hintentry              intentry     0000
__Hmaintext              maintext     0000
__Hpowerup               powerup      0000
__Hram                   ram          0000
__Hreset_vec             reset_vec    0000
__Hsfr0                  sfr0         0000
__Hsfr1                  sfr1         0000
__Hsfr2                  sfr2         0000
__Hsfr3                  sfr3         0000
__Hstrings               strings      0000
__Hstringtext            stringtext   0000
__Htext                  text         0000
__Labs1                  abs1         0000
__Lbank0                 bank0        0000
__Lbank1                 bank1        0000
__Lbank2                 bank2        0000
__Lbank3                 bank3        0000
__Lcinit                 cinit        0000
__Lclrtext               clrtext      0000
__Lcode                  code         0000
__Lcommon                common       0000
__Lconfig                config       0000
__LcstackBANK0           cstackBANK0  0000
__LcstackCOMMON          cstackCOMMON 0000
__Leeprom_data           eeprom_data  0000
__Lend_init              end_init     0000
__Lfunctab               functab      0000
__Lidloc                 idloc        0000
__Linit                  init         0000
__Lintentry              intentry     0000
__Lmaintext              maintext     0000
__Lpowerup               powerup      0000
__Lram                   ram          0000
__Lreset_vec             reset_vec    0000
__Lsfr0                  sfr0         0000
__Lsfr1                  sfr1         0000
__Lsfr2                  sfr2         0000
__Lsfr3                  sfr3         0000
__Lstrings               strings      0000
__Lstringtext            stringtext   0000
__Ltext                  text         0000
__S0                     (abs)        0917
__S1                     (abs)        007E
__S2                     (abs)        0000
__end_of_delay           text194      022A
__end_of_display         text189      01EC
__end_of_lcd_init        text190      033F
__end_of_lcd_init_write  text191      01B3
__end_of_lcdcmd          text193      027B
__end_of_lcddata         text192      02CC
__end_of_main            maintext     0800
__pcstackBANK0           cstackBANK0  0020
__pcstackCOMMON          cstackCOMMON 0070
__pmaintext              maintext     033F
__pstrings               strings      0003
__pstringtext            stringtext   0800
__ptext188               text188      0000
__ptext189               text189      01B3
__ptext190               text190      02CC
__ptext191               text191      019F
__ptext192               text192      027B
__ptext193               text193      022A
__ptext194               text194      01EC
__ptext195               text195      0000
__size_of_delay          (abs)        0000
__size_of_display        (abs)        0000
__size_of_lcd_init       (abs)        0000
__size_of_lcd_init_write (abs)        0000
__size_of_lcdcmd         (abs)        0000
__size_of_lcddata        (abs)        0000
__size_of_main           (abs)        0000
_delay                   text194      01EC
_display                 text189      01B3
_exit                    init         0000
_lcd_init                text190      02CC
_lcd_init_write          text191      019F
_lcdcmd                  text193      022A
_lcddata                 text192      027B
_main                    maintext     033F
btemp                    (abs)        007E
delay@i                  cstackCOMMON 0073
delay@itime              cstackCOMMON 0070
delay@j                  cstackCOMMON 0075
display@p                cstackCOMMON 007C
end_of_initialization    cinit        019B
intlevel0                functab      0000
intlevel1                functab      0000
intlevel2                functab      0000
intlevel3                functab      0000
intlevel4                functab      0000
intlevel5                functab      0000
lcd_init_write@a         cstackCOMMON 0077
lcdcmd@temp              cstackCOMMON 007B
lcdcmd@value             cstackCOMMON 0077
lcddata@temp             cstackCOMMON 007B
lcddata@value            cstackCOMMON 0077
reset_vec                reset_vec    0000
start                    init         0000
start_initialization     cinit        019B
wtemp0                   (abs)        007E
